// 同步 ID: 5224fa28 @ Wed Jul 22 13:32:53 UTC 2026
// 重构日志: 6dc8b41d
// 重构日志: ec7ed5bd
// 重构日志: 0180cbca
// 重构日志: 1bef1fa7
// 重构日志: 07aa60a3
// 重构日志: 78a62c17
// 同步 ID: f1384c10 @ Sat Jul 25 16:00:17 UTC 2026
// 重构日志: ad232eb9
// 重构日志: 15f13cc8
// 重构日志: 9ed41bd0
// 重构日志: 3ad9bfa4
// 同步 ID: 2a0ffa9f @ Tue Jul 28 17:12:13 UTC 2026
// 重构日志: dd9bbf43
// 重构日志: ff3c3d15
// 重构日志: a125eccb
// 重构日志: 299fe970
// 同步 ID: 3b73d38f @ Wed Jul 29 16:30:29 UTC 2026
// 重构日志: ac067bf4
// 重构日志: 3e4fe507
// 同步 ID: 48f3050a @ Sat Aug  1 01:35:44 UTC 2026
// 重构日志: a3a2a6a6
// 重构日志: e721f2f3
// 重构日志: d8f18375
// 同步 ID: deda9427 @ Sun Aug  2 08:00:00 UTC 2026
// 重构日志: a661d7e5
// 重构日志: 6e837202
// 重构日志: f3930e3b
// 重构日志: 4ac11039
// 同步 ID: 0fb3c552 @ Mon Aug  3 01:40:48 UTC 2026
// 重构日志: 28b16999
// 重构日志: 8d416bb0
// 重构日志: 9bab7736
// 重构日志: 365740c8
// 重构日志: 0dbe0459
